---
source: packages/rust/crates/xiuxian-wendao/src/gateway/studio/test_support.rs
expression: value
---
{
  "gap": {
    "doc_ids": [],
    "entity_id": "repo:modelica-gateway-item:symbol:Projectionica.Controllers.NoDocs",
    "example_ids": [],
    "format_hints": [],
    "gap_id": "repo:modelica-gateway-item:projection-gap:symbol_reference_without_documentation:repo:modelica-gateway-item:symbol:Projectionica.Controllers.NoDocs",
    "kind": "symbol_reference_without_documentation",
    "module_ids": [
      "repo:modelica-gateway-item:module:Projectionica.Controllers"
    ],
    "page_id": "repo:modelica-gateway-item:projection:reference:symbol:repo:modelica-gateway-item:symbol:Projectionica.Controllers.NoDocs",
    "page_kind": "reference",
    "path": "Controllers/NoDocs.mo",
    "repo_id": "modelica-gateway-item",
    "symbol_ids": [
      "repo:modelica-gateway-item:symbol:Projectionica.Controllers.NoDocs"
    ],
    "title": "Projectionica.Controllers.NoDocs"
  },
  "hit": {
    "kind": "page",
    "node": null,
    "page": {
      "doc_id": "",
      "doc_ids": [],
      "example_ids": [],
      "format_hints": [],
      "keywords": [
        "",
        "Controllers/NoDocs.mo",
        "Projectionica.Controllers.NoDocs"
      ],
      "kind": "reference",
      "module_ids": [
        "repo:modelica-gateway-item:module:Projectionica.Controllers"
      ],
      "page_id": "repo:modelica-gateway-item:projection:reference:symbol:repo:modelica-gateway-item:symbol:Projectionica.Controllers.NoDocs",
      "path": "Controllers/NoDocs.mo",
      "paths": [
        "Controllers/NoDocs.mo"
      ],
      "repo_id": "modelica-gateway-item",
      "sections": [
        {
          "body": "Projected reference page for `Projectionica.Controllers.NoDocs`.\nSource paths:\n- `Controllers/NoDocs.mo`",
          "level": 1,
          "paths": [
            "Controllers/NoDocs.mo"
          ],
          "section_id": "repo:modelica-gateway-item:projection:reference:symbol:repo:modelica-gateway-item:symbol:Projectionica.Controllers.NoDocs#overview",
          "title": "Overview"
        },
        {
          "body": "Modules:\n- `Projectionica.Controllers` (Controllers/package.mo)\n\nSymbols:\n- `Projectionica.Controllers.NoDocs` (Controllers/NoDocs.mo)",
          "level": 2,
          "paths": [
            "Controllers/NoDocs.mo",
            "Controllers/package.mo"
          ],
          "section_id": "repo:modelica-gateway-item:projection:reference:symbol:repo:modelica-gateway-item:symbol:Projectionica.Controllers.NoDocs#anchors",
          "title": "Anchors"
        }
      ],
      "symbol_ids": [
        "repo:modelica-gateway-item:symbol:Projectionica.Controllers.NoDocs"
      ],
      "title": "Projectionica.Controllers.NoDocs"
    }
  },
  "navigation": {
    "center": {
      "kind": "page",
      "node": null,
      "page": {
        "doc_id": "",
        "doc_ids": [],
        "example_ids": [],
        "format_hints": [],
        "keywords": [
          "",
          "Controllers/NoDocs.mo",
          "Projectionica.Controllers.NoDocs"
        ],
        "kind": "reference",
        "module_ids": [
          "repo:modelica-gateway-item:module:Projectionica.Controllers"
        ],
        "page_id": "repo:modelica-gateway-item:projection:reference:symbol:repo:modelica-gateway-item:symbol:Projectionica.Controllers.NoDocs",
        "path": "Controllers/NoDocs.mo",
        "paths": [
          "Controllers/NoDocs.mo"
        ],
        "repo_id": "modelica-gateway-item",
        "sections": [
          {
            "body": "Projected reference page for `Projectionica.Controllers.NoDocs`.\nSource paths:\n- `Controllers/NoDocs.mo`",
            "level": 1,
            "paths": [
              "Controllers/NoDocs.mo"
            ],
            "section_id": "repo:modelica-gateway-item:projection:reference:symbol:repo:modelica-gateway-item:symbol:Projectionica.Controllers.NoDocs#overview",
            "title": "Overview"
          },
          {
            "body": "Modules:\n- `Projectionica.Controllers` (Controllers/package.mo)\n\nSymbols:\n- `Projectionica.Controllers.NoDocs` (Controllers/NoDocs.mo)",
            "level": 2,
            "paths": [
              "Controllers/NoDocs.mo",
              "Controllers/package.mo"
            ],
            "section_id": "repo:modelica-gateway-item:projection:reference:symbol:repo:modelica-gateway-item:symbol:Projectionica.Controllers.NoDocs#anchors",
            "title": "Anchors"
          }
        ],
        "symbol_ids": [
          "repo:modelica-gateway-item:symbol:Projectionica.Controllers.NoDocs"
        ],
        "title": "Projectionica.Controllers.NoDocs"
      }
    },
    "family_cluster": {
      "kind": "how_to",
      "pages": [
        {
          "page": {
            "doc_id": "repo:modelica-gateway-item:doc:Controllers/UsersGuide/Tutorial/FirstSteps.mo",
            "doc_ids": [
              "repo:modelica-gateway-item:doc:Controllers/UsersGuide/Tutorial/FirstSteps.mo",
              "repo:modelica-gateway-item:doc:Controllers/UsersGuide/Tutorial/FirstSteps.mo#annotation.documentation",
              "repo:modelica-gateway-item:doc:Controllers/UsersGuide/package.mo"
            ],
            "example_ids": [
              "repo:modelica-gateway-item:example:Controllers/Examples/Step.mo"
            ],
            "format_hints": [
              "modelica_users_guide_page",
              "modelica_users_guide_tutorial",
              "modelica_users_guide_tutorial_annotation"
            ],
            "keywords": [
              "Controllers/Examples/Step.mo",
              "Step",
              "modelica_users_guide_page",
              "modelica_users_guide_tutorial",
              "modelica_users_guide_tutorial_annotation",
              "repo:modelica-gateway-item:doc:Controllers/UsersGuide/Tutorial/FirstSteps.mo"
            ],
            "kind": "how_to",
            "module_ids": [
              "repo:modelica-gateway-item:module:Projectionica.Controllers"
            ],
            "page_id": "repo:modelica-gateway-item:projection:howto:example:repo:modelica-gateway-item:example:Controllers/Examples/Step.mo",
            "path": "Controllers/Examples/Step.mo",
            "paths": [
              "Controllers/Examples/Step.mo",
              "Controllers/UsersGuide/Tutorial/FirstSteps.mo",
              "Controllers/UsersGuide/Tutorial/FirstSteps.mo#annotation.documentation",
              "Controllers/UsersGuide/package.mo"
            ],
            "repo_id": "modelica-gateway-item",
            "sections": [
              {
                "body": "Projected how-to page for `Step`.\nFormat hints:\n- `modelica_users_guide_page`\n- `modelica_users_guide_tutorial`\n- `modelica_users_guide_tutorial_annotation`\nSource paths:\n- `Controllers/Examples/Step.mo`\n- `Controllers/UsersGuide/Tutorial/FirstSteps.mo`\n- `Controllers/UsersGuide/Tutorial/FirstSteps.mo#annotation.documentation`\n- `Controllers/UsersGuide/package.mo`",
                "level": 1,
                "paths": [
                  "Controllers/Examples/Step.mo",
                  "Controllers/UsersGuide/Tutorial/FirstSteps.mo",
                  "Controllers/UsersGuide/Tutorial/FirstSteps.mo#annotation.documentation",
                  "Controllers/UsersGuide/package.mo"
                ],
                "section_id": "repo:modelica-gateway-item:projection:howto:example:repo:modelica-gateway-item:example:Controllers/Examples/Step.mo#overview",
                "title": "Overview"
              },
              {
                "body": "Modules:\n- `Projectionica.Controllers` (Controllers/package.mo)",
                "level": 2,
                "paths": [
                  "Controllers/package.mo"
                ],
                "section_id": "repo:modelica-gateway-item:projection:howto:example:repo:modelica-gateway-item:example:Controllers/Examples/Step.mo#anchors",
                "title": "Anchors"
              },
              {
                "body": "Documentation:\n- `FirstSteps` (Controllers/UsersGuide/Tutorial/FirstSteps.mo)\n- `FirstSteps documentation` (Controllers/UsersGuide/Tutorial/FirstSteps.mo#annotation.documentation)\n- `UsersGuide` (Controllers/UsersGuide/package.mo)",
                "level": 2,
                "paths": [
                  "Controllers/UsersGuide/Tutorial/FirstSteps.mo",
                  "Controllers/UsersGuide/Tutorial/FirstSteps.mo#annotation.documentation",
                  "Controllers/UsersGuide/package.mo"
                ],
                "section_id": "repo:modelica-gateway-item:projection:howto:example:repo:modelica-gateway-item:example:Controllers/Examples/Step.mo#sources",
                "title": "Supporting Docs"
              },
              {
                "body": "Examples:\n- `Step` (Controllers/Examples/Step.mo)",
                "level": 2,
                "paths": [
                  "Controllers/Examples/Step.mo"
                ],
                "section_id": "repo:modelica-gateway-item:projection:howto:example:repo:modelica-gateway-item:example:Controllers/Examples/Step.mo#examples",
                "title": "Examples"
              }
            ],
            "symbol_ids": [],
            "title": "Step"
          },
          "shared_anchor_score": 1
        },
        {
          "page": {
            "doc_id": "repo:modelica-gateway-item:doc:Controllers/UsersGuide/package.mo",
            "doc_ids": [
              "repo:modelica-gateway-item:doc:Controllers/UsersGuide/package.mo"
            ],
            "example_ids": [
              "repo:modelica-gateway-item:example:Controllers/Examples/Step.mo"
            ],
            "format_hints": [
              "modelica_users_guide_page"
            ],
            "keywords": [
              "Controllers/Examples/Step.mo",
              "UsersGuide",
              "modelica_users_guide_page",
              "repo:modelica-gateway-item:doc:Controllers/UsersGuide/package.mo"
            ],
            "kind": "how_to",
            "module_ids": [
              "repo:modelica-gateway-item:module:Projectionica.Controllers",
              "repo:modelica-gateway-item:module:Projectionica.Controllers.UsersGuide"
            ],
            "page_id": "repo:modelica-gateway-item:projection:howto:doc:repo:modelica-gateway-item:doc:Controllers/UsersGuide/package.mo",
            "path": "Controllers/Examples/Step.mo",
            "paths": [
              "Controllers/Examples/Step.mo",
              "Controllers/UsersGuide/package.mo"
            ],
            "repo_id": "modelica-gateway-item",
            "sections": [
              {
                "body": "Projected how-to page for `UsersGuide`.\nFormat hints:\n- `modelica_users_guide_page`\nSource paths:\n- `Controllers/Examples/Step.mo`\n- `Controllers/UsersGuide/package.mo`",
                "level": 1,
                "paths": [
                  "Controllers/Examples/Step.mo",
                  "Controllers/UsersGuide/package.mo"
                ],
                "section_id": "repo:modelica-gateway-item:projection:howto:doc:repo:modelica-gateway-item:doc:Controllers/UsersGuide/package.mo#overview",
                "title": "Overview"
              },
              {
                "body": "Modules:\n- `Projectionica.Controllers` (Controllers/package.mo)\n- `Projectionica.Controllers.UsersGuide` (Controllers/UsersGuide/package.mo)",
                "level": 2,
                "paths": [
                  "Controllers/UsersGuide/package.mo",
                  "Controllers/package.mo"
                ],
                "section_id": "repo:modelica-gateway-item:projection:howto:doc:repo:modelica-gateway-item:doc:Controllers/UsersGuide/package.mo#anchors",
                "title": "Anchors"
              },
              {
                "body": "Documentation:\n- `UsersGuide` (Controllers/UsersGuide/package.mo)",
                "level": 2,
                "paths": [
                  "Controllers/UsersGuide/package.mo"
                ],
                "section_id": "repo:modelica-gateway-item:projection:howto:doc:repo:modelica-gateway-item:doc:Controllers/UsersGuide/package.mo#sources",
                "title": "Supporting Docs"
              },
              {
                "body": "Examples:\n- `Step` (Controllers/Examples/Step.mo)",
                "level": 2,
                "paths": [
                  "Controllers/Examples/Step.mo"
                ],
                "section_id": "repo:modelica-gateway-item:projection:howto:doc:repo:modelica-gateway-item:doc:Controllers/UsersGuide/package.mo#examples",
                "title": "Examples"
              }
            ],
            "symbol_ids": [],
            "title": "UsersGuide"
          },
          "shared_anchor_score": 1
        }
      ]
    },
    "node_context": null,
    "related_pages": [
      {
        "doc_id": "repo:modelica-gateway-item:doc:Controllers/UsersGuide/Tutorial/FirstSteps.mo",
        "doc_ids": [
          "repo:modelica-gateway-item:doc:Controllers/UsersGuide/Tutorial/FirstSteps.mo"
        ],
        "example_ids": [
          "repo:modelica-gateway-item:example:Controllers/Examples/Step.mo"
        ],
        "format_hints": [
          "modelica_users_guide_tutorial"
        ],
        "keywords": [
          "Controllers/Examples/Step.mo",
          "FirstSteps",
          "modelica_users_guide_tutorial",
          "repo:modelica-gateway-item:doc:Controllers/UsersGuide/Tutorial/FirstSteps.mo"
        ],
        "kind": "tutorial",
        "module_ids": [
          "repo:modelica-gateway-item:module:Projectionica.Controllers",
          "repo:modelica-gateway-item:module:Projectionica.Controllers.UsersGuide"
        ],
        "page_id": "repo:modelica-gateway-item:projection:tutorial:doc:repo:modelica-gateway-item:doc:Controllers/UsersGuide/Tutorial/FirstSteps.mo",
        "path": "Controllers/Examples/Step.mo",
        "paths": [
          "Controllers/Examples/Step.mo",
          "Controllers/UsersGuide/Tutorial/FirstSteps.mo"
        ],
        "repo_id": "modelica-gateway-item",
        "sections": [
          {
            "body": "Projected tutorial page for `FirstSteps`.\nFormat hints:\n- `modelica_users_guide_tutorial`\nSource paths:\n- `Controllers/Examples/Step.mo`\n- `Controllers/UsersGuide/Tutorial/FirstSteps.mo`",
            "level": 1,
            "paths": [
              "Controllers/Examples/Step.mo",
              "Controllers/UsersGuide/Tutorial/FirstSteps.mo"
            ],
            "section_id": "repo:modelica-gateway-item:projection:tutorial:doc:repo:modelica-gateway-item:doc:Controllers/UsersGuide/Tutorial/FirstSteps.mo#overview",
            "title": "Overview"
          },
          {
            "body": "Modules:\n- `Projectionica.Controllers` (Controllers/package.mo)\n- `Projectionica.Controllers.UsersGuide` (Controllers/UsersGuide/package.mo)",
            "level": 2,
            "paths": [
              "Controllers/UsersGuide/package.mo",
              "Controllers/package.mo"
            ],
            "section_id": "repo:modelica-gateway-item:projection:tutorial:doc:repo:modelica-gateway-item:doc:Controllers/UsersGuide/Tutorial/FirstSteps.mo#anchors",
            "title": "Anchors"
          },
          {
            "body": "Documentation:\n- `FirstSteps` (Controllers/UsersGuide/Tutorial/FirstSteps.mo)",
            "level": 2,
            "paths": [
              "Controllers/UsersGuide/Tutorial/FirstSteps.mo"
            ],
            "section_id": "repo:modelica-gateway-item:projection:tutorial:doc:repo:modelica-gateway-item:doc:Controllers/UsersGuide/Tutorial/FirstSteps.mo#sources",
            "title": "Sources"
          },
          {
            "body": "Examples:\n- `Step` (Controllers/Examples/Step.mo)",
            "level": 2,
            "paths": [
              "Controllers/Examples/Step.mo"
            ],
            "section_id": "repo:modelica-gateway-item:projection:tutorial:doc:repo:modelica-gateway-item:doc:Controllers/UsersGuide/Tutorial/FirstSteps.mo#examples",
            "title": "Examples"
          }
        ],
        "symbol_ids": [],
        "title": "FirstSteps"
      },
      {
        "doc_id": "repo:modelica-gateway-item:doc:Controllers/UsersGuide/Tutorial/FirstSteps.mo#annotation.documentation",
        "doc_ids": [
          "repo:modelica-gateway-item:doc:Controllers/UsersGuide/Tutorial/FirstSteps.mo#annotation.documentation"
        ],
        "example_ids": [
          "repo:modelica-gateway-item:example:Controllers/Examples/Step.mo"
        ],
        "format_hints": [
          "modelica_users_guide_tutorial_annotation"
        ],
        "keywords": [
          "Controllers/Examples/Step.mo",
          "FirstSteps documentation",
          "modelica_users_guide_tutorial_annotation",
          "repo:modelica-gateway-item:doc:Controllers/UsersGuide/Tutorial/FirstSteps.mo#annotation.documentation"
        ],
        "kind": "tutorial",
        "module_ids": [
          "repo:modelica-gateway-item:module:Projectionica.Controllers",
          "repo:modelica-gateway-item:module:Projectionica.Controllers.UsersGuide"
        ],
        "page_id": "repo:modelica-gateway-item:projection:tutorial:doc:repo:modelica-gateway-item:doc:Controllers/UsersGuide/Tutorial/FirstSteps.mo#annotation.documentation",
        "path": "Controllers/Examples/Step.mo",
        "paths": [
          "Controllers/Examples/Step.mo",
          "Controllers/UsersGuide/Tutorial/FirstSteps.mo#annotation.documentation"
        ],
        "repo_id": "modelica-gateway-item",
        "sections": [
          {
            "body": "Projected tutorial page for `FirstSteps documentation`.\nFormat hints:\n- `modelica_users_guide_tutorial_annotation`\nSource paths:\n- `Controllers/Examples/Step.mo`\n- `Controllers/UsersGuide/Tutorial/FirstSteps.mo#annotation.documentation`",
            "level": 1,
            "paths": [
              "Controllers/Examples/Step.mo",
              "Controllers/UsersGuide/Tutorial/FirstSteps.mo#annotation.documentation"
            ],
            "section_id": "repo:modelica-gateway-item:projection:tutorial:doc:repo:modelica-gateway-item:doc:Controllers/UsersGuide/Tutorial/FirstSteps.mo#annotation.documentation#overview",
            "title": "Overview"
          },
          {
            "body": "Modules:\n- `Projectionica.Controllers` (Controllers/package.mo)\n- `Projectionica.Controllers.UsersGuide` (Controllers/UsersGuide/package.mo)",
            "level": 2,
            "paths": [
              "Controllers/UsersGuide/package.mo",
              "Controllers/package.mo"
            ],
            "section_id": "repo:modelica-gateway-item:projection:tutorial:doc:repo:modelica-gateway-item:doc:Controllers/UsersGuide/Tutorial/FirstSteps.mo#annotation.documentation#anchors",
            "title": "Anchors"
          },
          {
            "body": "Documentation:\n- `FirstSteps documentation` (Controllers/UsersGuide/Tutorial/FirstSteps.mo#annotation.documentation)",
            "level": 2,
            "paths": [
              "Controllers/UsersGuide/Tutorial/FirstSteps.mo#annotation.documentation"
            ],
            "section_id": "repo:modelica-gateway-item:projection:tutorial:doc:repo:modelica-gateway-item:doc:Controllers/UsersGuide/Tutorial/FirstSteps.mo#annotation.documentation#sources",
            "title": "Sources"
          },
          {
            "body": "Examples:\n- `Step` (Controllers/Examples/Step.mo)",
            "level": 2,
            "paths": [
              "Controllers/Examples/Step.mo"
            ],
            "section_id": "repo:modelica-gateway-item:projection:tutorial:doc:repo:modelica-gateway-item:doc:Controllers/UsersGuide/Tutorial/FirstSteps.mo#annotation.documentation#examples",
            "title": "Examples"
          }
        ],
        "symbol_ids": [],
        "title": "FirstSteps documentation"
      },
      {
        "doc_id": "repo:modelica-gateway-item:doc:Controllers/UsersGuide/Tutorial/FirstSteps.mo",
        "doc_ids": [
          "repo:modelica-gateway-item:doc:Controllers/UsersGuide/Tutorial/FirstSteps.mo",
          "repo:modelica-gateway-item:doc:Controllers/UsersGuide/Tutorial/FirstSteps.mo#annotation.documentation",
          "repo:modelica-gateway-item:doc:Controllers/UsersGuide/package.mo",
          "repo:modelica-gateway-item:doc:Controllers/PI.mo#annotation.documentation"
        ],
        "example_ids": [
          "repo:modelica-gateway-item:example:Controllers/Examples/Step.mo"
        ],
        "format_hints": [
          "modelica_annotation",
          "modelica_users_guide_page",
          "modelica_users_guide_tutorial",
          "modelica_users_guide_tutorial_annotation"
        ],
        "keywords": [
          "Controllers/Examples/Step.mo",
          "Projectionica.Controllers",
          "modelica_annotation",
          "modelica_users_guide_page",
          "modelica_users_guide_tutorial",
          "modelica_users_guide_tutorial_annotation",
          "repo:modelica-gateway-item:doc:Controllers/UsersGuide/Tutorial/FirstSteps.mo"
        ],
        "kind": "reference",
        "module_ids": [
          "repo:modelica-gateway-item:module:Projectionica.Controllers"
        ],
        "page_id": "repo:modelica-gateway-item:projection:reference:module:repo:modelica-gateway-item:module:Projectionica.Controllers",
        "path": "Controllers/Examples/Step.mo",
        "paths": [
          "Controllers/Examples/Step.mo",
          "Controllers/PI.mo#annotation.documentation",
          "Controllers/UsersGuide/Tutorial/FirstSteps.mo",
          "Controllers/UsersGuide/Tutorial/FirstSteps.mo#annotation.documentation",
          "Controllers/UsersGuide/package.mo",
          "Controllers/package.mo"
        ],
        "repo_id": "modelica-gateway-item",
        "sections": [
          {
            "body": "Projected reference page for `Projectionica.Controllers`.\nFormat hints:\n- `modelica_annotation`\n- `modelica_users_guide_page`\n- `modelica_users_guide_tutorial`\n- `modelica_users_guide_tutorial_annotation`\nSource paths:\n- `Controllers/Examples/Step.mo`\n- `Controllers/PI.mo#annotation.documentation`\n- `Controllers/UsersGuide/Tutorial/FirstSteps.mo`\n- `Controllers/UsersGuide/Tutorial/FirstSteps.mo#annotation.documentation`\n- `Controllers/UsersGuide/package.mo`\n- `Controllers/package.mo`",
            "level": 1,
            "paths": [
              "Controllers/Examples/Step.mo",
              "Controllers/PI.mo#annotation.documentation",
              "Controllers/UsersGuide/Tutorial/FirstSteps.mo",
              "Controllers/UsersGuide/Tutorial/FirstSteps.mo#annotation.documentation",
              "Controllers/UsersGuide/package.mo",
              "Controllers/package.mo"
            ],
            "section_id": "repo:modelica-gateway-item:projection:reference:module:repo:modelica-gateway-item:module:Projectionica.Controllers#overview",
            "title": "Overview"
          },
          {
            "body": "Modules:\n- `Projectionica.Controllers` (Controllers/package.mo)",
            "level": 2,
            "paths": [
              "Controllers/package.mo"
            ],
            "section_id": "repo:modelica-gateway-item:projection:reference:module:repo:modelica-gateway-item:module:Projectionica.Controllers#anchors",
            "title": "Anchors"
          },
          {
            "body": "Documentation:\n- `FirstSteps` (Controllers/UsersGuide/Tutorial/FirstSteps.mo)\n- `FirstSteps documentation` (Controllers/UsersGuide/Tutorial/FirstSteps.mo#annotation.documentation)\n- `PI documentation` (Controllers/PI.mo#annotation.documentation)\n- `UsersGuide` (Controllers/UsersGuide/package.mo)",
            "level": 2,
            "paths": [
              "Controllers/UsersGuide/Tutorial/FirstSteps.mo",
              "Controllers/UsersGuide/Tutorial/FirstSteps.mo#annotation.documentation",
              "Controllers/PI.mo#annotation.documentation",
              "Controllers/UsersGuide/package.mo"
            ],
            "section_id": "repo:modelica-gateway-item:projection:reference:module:repo:modelica-gateway-item:module:Projectionica.Controllers#sources",
            "title": "Documentation"
          },
          {
            "body": "Examples:\n- `Step` (Controllers/Examples/Step.mo)",
            "level": 2,
            "paths": [
              "Controllers/Examples/Step.mo"
            ],
            "section_id": "repo:modelica-gateway-item:projection:reference:module:repo:modelica-gateway-item:module:Projectionica.Controllers#examples",
            "title": "Examples"
          }
        ],
        "symbol_ids": [],
        "title": "Projectionica.Controllers"
      }
    ],
    "repo_id": "modelica-gateway-item",
    "tree": {
      "doc_id": "reference/projectionica-controllers-nodocs-ebffb3c43c34",
      "kind": "reference",
      "page_id": "repo:modelica-gateway-item:projection:reference:symbol:repo:modelica-gateway-item:symbol:Projectionica.Controllers.NoDocs",
      "path": "reference/projectionica-controllers-nodocs-ebffb3c43c34.md",
      "repo_id": "modelica-gateway-item",
      "root_count": 2,
      "roots": [
        {
          "children": [],
          "is_thinned": false,
          "level": 1,
          "line_range": [
            1,
            6
          ],
          "node_id": "reference/projectionica-controllers-nodocs-ebffb3c43c34#projectionica-controllers-nodocs",
          "structural_path": [
            "Projectionica.Controllers.NoDocs"
          ],
          "summary": ":PROPERTIES:\n:TYPE: PROJECTED_PAGE\n:KIND: reference\n:END:",
          "text": ":PROPERTIES:\n:TYPE: PROJECTED_PAGE\n:KIND: reference\n:END:",
          "title": "Projectionica.Controllers.NoDocs",
          "token_count": 6
        },
        {
          "children": [
            {
              "children": [],
              "is_thinned": false,
              "level": 2,
              "line_range": [
                15,
                23
              ],
              "node_id": "reference/projectionica-controllers-nodocs-ebffb3c43c34#anchors",
              "structural_path": [
                "Overview",
                "Anchors"
              ],
              "summary": ":ID: anchors\n:PATHS: Controllers/NoDocs",
              "text": ":ID: anchors\n:PATHS: Controllers/NoDocs.mo, Controllers/package.mo\n\nModules:\n- `Projectionica.Controllers` (Controllers/package.mo)\n\nSymbols:\n- `Projectionica.Controllers.NoDocs` (Controllers/NoDocs.mo)",
              "title": "Anchors",
              "token_count": 13
            }
          ],
          "is_thinned": false,
          "level": 1,
          "line_range": [
            7,
            14
          ],
          "node_id": "reference/projectionica-controllers-nodocs-ebffb3c43c34#overview",
          "structural_path": [
            "Overview"
          ],
          "summary": ":ID: overview\n:PATHS: Controllers/NoDocs",
          "text": ":ID: overview\n:PATHS: Controllers/NoDocs.mo\n\nProjected reference page for `Projectionica.Controllers.NoDocs`.\nSource paths:\n- `Controllers/NoDocs.mo`",
          "title": "Overview",
          "token_count": 13
        }
      ],
      "title": "Projectionica.Controllers.NoDocs"
    }
  },
  "repo_id": "modelica-gateway-item"
}
