---
source: packages/rust/crates/xiuxian-wendao/src/gateway/studio/../../../tests/unit/gateway/studio/support.rs
expression: value
---
{
  "incoming": [],
  "name": "Alpha",
  "nodeId": "knowledge/alpha.md",
  "nodeType": "doc",
  "outgoing": [
    "knowledge/beta.md"
  ],
  "twoHop": [
    "knowledge/gamma.md"
  ]
}
