---
source: packages/rust/crates/xiuxian-wendao/src/gateway/studio/../../../tests/unit/gateway/studio/support.rs
expression: value
---
{
  "center": {
    "distance": 0,
    "id": "docs-2/index.md",
    "isCenter": true,
    "label": "Beta",
    "nodeType": "doc",
    "path": "docs-2/index.md"
  },
  "links": [],
  "nodes": [
    {
      "distance": 0,
      "id": "docs-2/index.md",
      "isCenter": true,
      "label": "Beta",
      "nodeType": "doc",
      "path": "docs-2/index.md"
    }
  ],
  "totalLinks": 0,
  "totalNodes": 1
}
