---
source: packages/rust/crates/xiuxian-wendao/src/gateway/studio/test_support.rs
expression: value
---
{
  "center": {
    "distance": 0,
    "id": "beta/docs/index.md",
    "isCenter": true,
    "label": "Beta",
    "nodeType": "doc",
    "path": "beta/docs/index.md"
  },
  "links": [],
  "nodes": [
    {
      "distance": 0,
      "id": "beta/docs/index.md",
      "isCenter": true,
      "label": "Beta",
      "nodeType": "doc",
      "path": "beta/docs/index.md"
    }
  ],
  "totalLinks": 0,
  "totalNodes": 1
}
