---
source: packages/rust/crates/xiuxian-wendao/src/gateway/studio/test_support.rs
assertion_line: 9
expression: value
---
{
  "display_name": "GatewaySyncPkg",
  "doc_count": 1,
  "example_count": 0,
  "hierarchical_uri": "repo://gateway-sync",
  "hierarchy": [
    "repo",
    "gateway-sync"
  ],
  "module_count": 1,
  "repo_id": "gateway-sync",
  "revision": "107903cc8288129dc659b5324ee94225800b38a5",
  "symbol_count": 0
}
