---
source: packages/rust/crates/xiuxian-wendao/src/gateway/studio/test_support.rs
assertion_line: 9
expression: value
---
{
  "repo_id": "gateway-sync",
  "trees": [
    {
      "doc_id": "explanation/readme-md-69ddd14a3dad",
      "kind": "explanation",
      "page_id": "repo:gateway-sync:projection:explanation:doc:repo:gateway-sync:doc:README.md",
      "path": "explanation/readme-md-69ddd14a3dad.md",
      "repo_id": "gateway-sync",
      "root_count": 2,
      "roots": [
        {
          "children": [],
          "is_thinned": false,
          "level": 1,
          "line_range": [
            1,
            7
          ],
          "node_id": "explanation/readme-md-69ddd14a3dad#readme-md",
          "structural_path": [
            "README.md"
          ],
          "summary": ":PROPERTIES:\n:TYPE: PROJECTED_PAGE\n:KIND: explanation\n:FORMATS: md\n:END:",
          "text": ":PROPERTIES:\n:TYPE: PROJECTED_PAGE\n:KIND: explanation\n:FORMATS: md\n:END:",
          "title": "README.md",
          "token_count": 8
        },
        {
          "children": [
            {
              "children": [],
              "is_thinned": false,
              "level": 2,
              "line_range": [
                19,
                25
              ],
              "node_id": "explanation/readme-md-69ddd14a3dad#anchors",
              "structural_path": [
                "Overview",
                "Anchors"
              ],
              "summary": ":ID: anchors\n:PATHS: src/GatewaySyncPkg",
              "text": ":ID: anchors\n:PATHS: src/GatewaySyncPkg.jl\n\nModules:\n- `GatewaySyncPkg` (src/GatewaySyncPkg.jl)",
              "title": "Anchors",
              "token_count": 8
            },
            {
              "children": [],
              "is_thinned": false,
              "level": 2,
              "line_range": [
                26,
                32
              ],
              "node_id": "explanation/readme-md-69ddd14a3dad#sources",
              "structural_path": [
                "Overview",
                "Sources"
              ],
              "summary": ":ID: sources\n:PATHS: README",
              "text": ":ID: sources\n:PATHS: README.md\n\nDocumentation:\n- `README.md` (README.md)",
              "title": "Sources",
              "token_count": 8
            },
            {
              "children": [],
              "is_thinned": false,
              "level": 2,
              "line_range": [
                33,
                38
              ],
              "node_id": "explanation/readme-md-69ddd14a3dad#examples",
              "structural_path": [
                "Overview",
                "Examples"
              ],
              "summary": ":ID: examples\n:PATHS: examples/solve_demo",
              "text": ":ID: examples\n:PATHS: examples/solve_demo.jl\n\nExamples:\n- `solve_demo` (examples/solve_demo.jl)",
              "title": "Examples",
              "token_count": 8
            }
          ],
          "is_thinned": false,
          "level": 1,
          "line_range": [
            8,
            18
          ],
          "node_id": "explanation/readme-md-69ddd14a3dad#overview",
          "structural_path": [
            "Overview"
          ],
          "summary": ":ID: overview\n:PATHS: README",
          "text": ":ID: overview\n:PATHS: README.md, examples/solve_demo.jl\n\nProjected explanation page for `README.md`.\nFormat hints:\n- `md`\nSource paths:\n- `README.md`\n- `examples/solve_demo.jl`",
          "title": "Overview",
          "token_count": 20
        }
      ],
      "title": "README.md"
    },
    {
      "doc_id": "howto/solve-demo-a7807d4bc821",
      "kind": "how_to",
      "page_id": "repo:gateway-sync:projection:howto:example:repo:gateway-sync:example:examples/solve_demo.jl",
      "path": "howto/solve-demo-a7807d4bc821.md",
      "repo_id": "gateway-sync",
      "root_count": 2,
      "roots": [
        {
          "children": [],
          "is_thinned": false,
          "level": 1,
          "line_range": [
            1,
            7
          ],
          "node_id": "howto/solve-demo-a7807d4bc821#solve-demo",
          "structural_path": [
            "solve_demo"
          ],
          "summary": ":PROPERTIES:\n:TYPE: PROJECTED_PAGE\n:KIND: howto\n:FORMATS: julia_docstring, md\n:END:",
          "text": ":PROPERTIES:\n:TYPE: PROJECTED_PAGE\n:KIND: howto\n:FORMATS: julia_docstring, md\n:END:",
          "title": "solve_demo",
          "token_count": 9
        },
        {
          "children": [
            {
              "children": [],
              "is_thinned": false,
              "level": 2,
              "line_range": [
                22,
                31
              ],
              "node_id": "howto/solve-demo-a7807d4bc821#anchors",
              "structural_path": [
                "Overview",
                "Anchors"
              ],
              "summary": ":ID: anchors\n:PATHS: src/GatewaySyncPkg",
              "text": ":ID: anchors\n:PATHS: src/GatewaySyncPkg.jl\n\nModules:\n- `GatewaySyncPkg` (src/GatewaySyncPkg.jl)\n\nSymbols:\n- `GatewaySyncPkg.solve` (src/GatewaySyncPkg.jl)",
              "title": "Anchors",
              "token_count": 12
            },
            {
              "children": [],
              "is_thinned": false,
              "level": 2,
              "line_range": [
                32,
                40
              ],
              "node_id": "howto/solve-demo-a7807d4bc821#sources",
              "structural_path": [
                "Overview",
                "Supporting Docs"
              ],
              "summary": ":ID: sources\n:PATHS: README",
              "text": ":ID: sources\n:PATHS: README.md, docs/solve.md, src/GatewaySyncPkg.jl#symbol:solve\n\nDocumentation:\n- `README.md` (README.md)\n- `solve` (docs/solve.md)\n- `solve` (src/GatewaySyncPkg.jl#symbol:solve)",
              "title": "Supporting Docs",
              "token_count": 16
            },
            {
              "children": [],
              "is_thinned": false,
              "level": 2,
              "line_range": [
                41,
                46
              ],
              "node_id": "howto/solve-demo-a7807d4bc821#examples",
              "structural_path": [
                "Overview",
                "Examples"
              ],
              "summary": ":ID: examples\n:PATHS: examples/solve_demo",
              "text": ":ID: examples\n:PATHS: examples/solve_demo.jl\n\nExamples:\n- `solve_demo` (examples/solve_demo.jl)",
              "title": "Examples",
              "token_count": 8
            }
          ],
          "is_thinned": false,
          "level": 1,
          "line_range": [
            8,
            21
          ],
          "node_id": "howto/solve-demo-a7807d4bc821#overview",
          "structural_path": [
            "Overview"
          ],
          "summary": ":ID: overview\n:PATHS: README",
          "text": ":ID: overview\n:PATHS: README.md, docs/solve.md, examples/solve_demo.jl, src/GatewaySyncPkg.jl#symbol:solve\n\nProjected how-to page for `solve_demo`.\nFormat hints:\n- `julia_docstring`\n- `md`\nSource paths:\n- `README.md`\n- `docs/solve.md`\n- `examples/solve_demo.jl`\n- `src/GatewaySyncPkg.jl#symbol:solve`",
          "title": "Overview",
          "token_count": 28
        }
      ],
      "title": "solve_demo"
    },
    {
      "doc_id": "reference/gatewaysyncpkg-fb1701217f99",
      "kind": "reference",
      "page_id": "repo:gateway-sync:projection:reference:module:repo:gateway-sync:module:GatewaySyncPkg",
      "path": "reference/gatewaysyncpkg-fb1701217f99.md",
      "repo_id": "gateway-sync",
      "root_count": 2,
      "roots": [
        {
          "children": [],
          "is_thinned": false,
          "level": 1,
          "line_range": [
            1,
            7
          ],
          "node_id": "reference/gatewaysyncpkg-fb1701217f99#gatewaysyncpkg",
          "structural_path": [
            "GatewaySyncPkg"
          ],
          "summary": ":PROPERTIES:\n:TYPE: PROJECTED_PAGE\n:KIND: reference\n:FORMATS: julia_docstring, md\n:END:",
          "text": ":PROPERTIES:\n:TYPE: PROJECTED_PAGE\n:KIND: reference\n:FORMATS: julia_docstring, md\n:END:",
          "title": "GatewaySyncPkg",
          "token_count": 9
        },
        {
          "children": [
            {
              "children": [],
              "is_thinned": false,
              "level": 2,
              "line_range": [
                23,
                29
              ],
              "node_id": "reference/gatewaysyncpkg-fb1701217f99#anchors",
              "structural_path": [
                "Overview",
                "Anchors"
              ],
              "summary": ":ID: anchors\n:PATHS: src/GatewaySyncPkg",
              "text": ":ID: anchors\n:PATHS: src/GatewaySyncPkg.jl\n\nModules:\n- `GatewaySyncPkg` (src/GatewaySyncPkg.jl)",
              "title": "Anchors",
              "token_count": 8
            },
            {
              "children": [],
              "is_thinned": false,
              "level": 2,
              "line_range": [
                30,
                38
              ],
              "node_id": "reference/gatewaysyncpkg-fb1701217f99#sources",
              "structural_path": [
                "Overview",
                "Documentation"
              ],
              "summary": ":ID: sources\n:PATHS: README",
              "text": ":ID: sources\n:PATHS: README.md, docs/solve.md, src/GatewaySyncPkg.jl#symbol:solve\n\nDocumentation:\n- `README.md` (README.md)\n- `solve` (docs/solve.md)\n- `solve` (src/GatewaySyncPkg.jl#symbol:solve)",
              "title": "Documentation",
              "token_count": 16
            },
            {
              "children": [],
              "is_thinned": false,
              "level": 2,
              "line_range": [
                39,
                44
              ],
              "node_id": "reference/gatewaysyncpkg-fb1701217f99#examples",
              "structural_path": [
                "Overview",
                "Examples"
              ],
              "summary": ":ID: examples\n:PATHS: examples/solve_demo",
              "text": ":ID: examples\n:PATHS: examples/solve_demo.jl\n\nExamples:\n- `solve_demo` (examples/solve_demo.jl)",
              "title": "Examples",
              "token_count": 8
            }
          ],
          "is_thinned": false,
          "level": 1,
          "line_range": [
            8,
            22
          ],
          "node_id": "reference/gatewaysyncpkg-fb1701217f99#overview",
          "structural_path": [
            "Overview"
          ],
          "summary": ":ID: overview\n:PATHS: README",
          "text": ":ID: overview\n:PATHS: README.md, docs/solve.md, examples/solve_demo.jl, src/GatewaySyncPkg.jl, src/GatewaySyncPkg.jl#symbol:solve\n\nProjected reference page for `GatewaySyncPkg`.\nFormat hints:\n- `julia_docstring`\n- `md`\nSource paths:\n- `README.md`\n- `docs/solve.md`\n- `examples/solve_demo.jl`\n- `src/GatewaySyncPkg.jl`\n- `src/GatewaySyncPkg.jl#symbol:solve`",
          "title": "Overview",
          "token_count": 31
        }
      ],
      "title": "GatewaySyncPkg"
    },
    {
      "doc_id": "reference/gatewaysyncpkg-solve-426791875262",
      "kind": "reference",
      "page_id": "repo:gateway-sync:projection:reference:symbol:repo:gateway-sync:symbol:GatewaySyncPkg.solve",
      "path": "reference/gatewaysyncpkg-solve-426791875262.md",
      "repo_id": "gateway-sync",
      "root_count": 2,
      "roots": [
        {
          "children": [],
          "is_thinned": false,
          "level": 1,
          "line_range": [
            1,
            7
          ],
          "node_id": "reference/gatewaysyncpkg-solve-426791875262#gatewaysyncpkg-solve",
          "structural_path": [
            "GatewaySyncPkg.solve"
          ],
          "summary": ":PROPERTIES:\n:TYPE: PROJECTED_PAGE\n:KIND: reference\n:FORMATS: julia_docstring, md\n:END:",
          "text": ":PROPERTIES:\n:TYPE: PROJECTED_PAGE\n:KIND: reference\n:FORMATS: julia_docstring, md\n:END:",
          "title": "GatewaySyncPkg.solve",
          "token_count": 9
        },
        {
          "children": [
            {
              "children": [],
              "is_thinned": false,
              "level": 2,
              "line_range": [
                22,
                31
              ],
              "node_id": "reference/gatewaysyncpkg-solve-426791875262#anchors",
              "structural_path": [
                "Overview",
                "Anchors"
              ],
              "summary": ":ID: anchors\n:PATHS: src/GatewaySyncPkg",
              "text": ":ID: anchors\n:PATHS: src/GatewaySyncPkg.jl\n\nModules:\n- `GatewaySyncPkg` (src/GatewaySyncPkg.jl)\n\nSymbols:\n- `GatewaySyncPkg.solve` (src/GatewaySyncPkg.jl)",
              "title": "Anchors",
              "token_count": 12
            },
            {
              "children": [],
              "is_thinned": false,
              "level": 2,
              "line_range": [
                32,
                39
              ],
              "node_id": "reference/gatewaysyncpkg-solve-426791875262#sources",
              "structural_path": [
                "Overview",
                "Documentation"
              ],
              "summary": ":ID: sources\n:PATHS: docs/solve",
              "text": ":ID: sources\n:PATHS: docs/solve.md, src/GatewaySyncPkg.jl#symbol:solve\n\nDocumentation:\n- `solve` (docs/solve.md)\n- `solve` (src/GatewaySyncPkg.jl#symbol:solve)",
              "title": "Documentation",
              "token_count": 12
            },
            {
              "children": [],
              "is_thinned": false,
              "level": 2,
              "line_range": [
                40,
                45
              ],
              "node_id": "reference/gatewaysyncpkg-solve-426791875262#examples",
              "structural_path": [
                "Overview",
                "Examples"
              ],
              "summary": ":ID: examples\n:PATHS: examples/solve_demo",
              "text": ":ID: examples\n:PATHS: examples/solve_demo.jl\n\nExamples:\n- `solve_demo` (examples/solve_demo.jl)",
              "title": "Examples",
              "token_count": 8
            }
          ],
          "is_thinned": false,
          "level": 1,
          "line_range": [
            8,
            21
          ],
          "node_id": "reference/gatewaysyncpkg-solve-426791875262#overview",
          "structural_path": [
            "Overview"
          ],
          "summary": ":ID: overview\n:PATHS: docs/solve",
          "text": ":ID: overview\n:PATHS: docs/solve.md, examples/solve_demo.jl, src/GatewaySyncPkg.jl, src/GatewaySyncPkg.jl#symbol:solve\n\nProjected reference page for `GatewaySyncPkg.solve`.\nFormat hints:\n- `julia_docstring`\n- `md`\nSource paths:\n- `docs/solve.md`\n- `examples/solve_demo.jl`\n- `src/GatewaySyncPkg.jl`\n- `src/GatewaySyncPkg.jl#symbol:solve`",
          "title": "Overview",
          "token_count": 28
        }
      ],
      "title": "GatewaySyncPkg.solve"
    },
    {
      "doc_id": "reference/solve-69592caeddee",
      "kind": "reference",
      "page_id": "repo:gateway-sync:projection:reference:doc:repo:gateway-sync:doc:docs/solve.md",
      "path": "reference/solve-69592caeddee.md",
      "repo_id": "gateway-sync",
      "root_count": 2,
      "roots": [
        {
          "children": [],
          "is_thinned": false,
          "level": 1,
          "line_range": [
            1,
            7
          ],
          "node_id": "reference/solve-69592caeddee#solve",
          "structural_path": [
            "solve"
          ],
          "summary": ":PROPERTIES:\n:TYPE: PROJECTED_PAGE\n:KIND: reference\n:FORMATS: md\n:END:",
          "text": ":PROPERTIES:\n:TYPE: PROJECTED_PAGE\n:KIND: reference\n:FORMATS: md\n:END:",
          "title": "solve",
          "token_count": 8
        },
        {
          "children": [
            {
              "children": [],
              "is_thinned": false,
              "level": 2,
              "line_range": [
                19,
                25
              ],
              "node_id": "reference/solve-69592caeddee#anchors",
              "structural_path": [
                "Overview",
                "Anchors"
              ],
              "summary": ":ID: anchors\n:PATHS: src/GatewaySyncPkg",
              "text": ":ID: anchors\n:PATHS: src/GatewaySyncPkg.jl\n\nSymbols:\n- `GatewaySyncPkg.solve` (src/GatewaySyncPkg.jl)",
              "title": "Anchors",
              "token_count": 8
            },
            {
              "children": [],
              "is_thinned": false,
              "level": 2,
              "line_range": [
                26,
                32
              ],
              "node_id": "reference/solve-69592caeddee#sources",
              "structural_path": [
                "Overview",
                "Documentation"
              ],
              "summary": ":ID: sources\n:PATHS: docs/solve",
              "text": ":ID: sources\n:PATHS: docs/solve.md\n\nDocumentation:\n- `solve` (docs/solve.md)",
              "title": "Documentation",
              "token_count": 8
            },
            {
              "children": [],
              "is_thinned": false,
              "level": 2,
              "line_range": [
                33,
                38
              ],
              "node_id": "reference/solve-69592caeddee#examples",
              "structural_path": [
                "Overview",
                "Examples"
              ],
              "summary": ":ID: examples\n:PATHS: examples/solve_demo",
              "text": ":ID: examples\n:PATHS: examples/solve_demo.jl\n\nExamples:\n- `solve_demo` (examples/solve_demo.jl)",
              "title": "Examples",
              "token_count": 8
            }
          ],
          "is_thinned": false,
          "level": 1,
          "line_range": [
            8,
            18
          ],
          "node_id": "reference/solve-69592caeddee#overview",
          "structural_path": [
            "Overview"
          ],
          "summary": ":ID: overview\n:PATHS: docs/solve",
          "text": ":ID: overview\n:PATHS: docs/solve.md, examples/solve_demo.jl\n\nProjected reference page for `solve`.\nFormat hints:\n- `md`\nSource paths:\n- `docs/solve.md`\n- `examples/solve_demo.jl`",
          "title": "Overview",
          "token_count": 20
        }
      ],
      "title": "solve"
    },
    {
      "doc_id": "reference/solve-c6d7a0c3b0a4",
      "kind": "reference",
      "page_id": "repo:gateway-sync:projection:reference:doc:repo:gateway-sync:doc:src/GatewaySyncPkg.jl#symbol:solve",
      "path": "reference/solve-c6d7a0c3b0a4.md",
      "repo_id": "gateway-sync",
      "root_count": 2,
      "roots": [
        {
          "children": [],
          "is_thinned": false,
          "level": 1,
          "line_range": [
            1,
            7
          ],
          "node_id": "reference/solve-c6d7a0c3b0a4#solve",
          "structural_path": [
            "solve"
          ],
          "summary": ":PROPERTIES:\n:TYPE: PROJECTED_PAGE\n:KIND: reference\n:FORMATS: julia_docstring\n:END:",
          "text": ":PROPERTIES:\n:TYPE: PROJECTED_PAGE\n:KIND: reference\n:FORMATS: julia_docstring\n:END:",
          "title": "solve",
          "token_count": 8
        },
        {
          "children": [
            {
              "children": [],
              "is_thinned": false,
              "level": 2,
              "line_range": [
                19,
                25
              ],
              "node_id": "reference/solve-c6d7a0c3b0a4#anchors",
              "structural_path": [
                "Overview",
                "Anchors"
              ],
              "summary": ":ID: anchors\n:PATHS: src/GatewaySyncPkg",
              "text": ":ID: anchors\n:PATHS: src/GatewaySyncPkg.jl\n\nSymbols:\n- `GatewaySyncPkg.solve` (src/GatewaySyncPkg.jl)",
              "title": "Anchors",
              "token_count": 8
            },
            {
              "children": [],
              "is_thinned": false,
              "level": 2,
              "line_range": [
                26,
                32
              ],
              "node_id": "reference/solve-c6d7a0c3b0a4#sources",
              "structural_path": [
                "Overview",
                "Documentation"
              ],
              "summary": ":ID: sources\n:PATHS: src/GatewaySyncPkg",
              "text": ":ID: sources\n:PATHS: src/GatewaySyncPkg.jl#symbol:solve\n\nDocumentation:\n- `solve` (src/GatewaySyncPkg.jl#symbol:solve)",
              "title": "Documentation",
              "token_count": 8
            },
            {
              "children": [],
              "is_thinned": false,
              "level": 2,
              "line_range": [
                33,
                38
              ],
              "node_id": "reference/solve-c6d7a0c3b0a4#examples",
              "structural_path": [
                "Overview",
                "Examples"
              ],
              "summary": ":ID: examples\n:PATHS: examples/solve_demo",
              "text": ":ID: examples\n:PATHS: examples/solve_demo.jl\n\nExamples:\n- `solve_demo` (examples/solve_demo.jl)",
              "title": "Examples",
              "token_count": 8
            }
          ],
          "is_thinned": false,
          "level": 1,
          "line_range": [
            8,
            18
          ],
          "node_id": "reference/solve-c6d7a0c3b0a4#overview",
          "structural_path": [
            "Overview"
          ],
          "summary": ":ID: overview\n:PATHS: examples/solve_demo",
          "text": ":ID: overview\n:PATHS: examples/solve_demo.jl, src/GatewaySyncPkg.jl#symbol:solve\n\nProjected reference page for `solve`.\nFormat hints:\n- `julia_docstring`\nSource paths:\n- `examples/solve_demo.jl`\n- `src/GatewaySyncPkg.jl#symbol:solve`",
          "title": "Overview",
          "token_count": 20
        }
      ],
      "title": "solve"
    }
  ]
}
