---
source: packages/rust/crates/xiuxian-wendao/src/gateway/studio/test_support.rs
expression: value
---
{
  "code": "NOT_FOUND",
  "message": "repo `gateway-sync` does not contain projected page family `Tutorial` in page `repo:gateway-sync:projection:reference:symbol:repo:gateway-sync:symbol:GatewaySyncPkg.solve`"
}
