---
source: packages/rust/crates/xiuxian-wendao/src/gateway/studio/test_support.rs
assertion_line: 9
expression: value
---
{
  "prefix": "se",
  "suggestions": [
    {
      "suggestionType": "heading",
      "text": "Search Design"
    },
    {
      "suggestionType": "heading",
      "text": "Search Notes"
    }
  ]
}
