---
source: packages/rust/crates/xiuxian-wendao/src/gateway/studio/test_support.rs
expression: value
---
{
  "entries": [
    {
      "contentType": null,
      "isDir": true,
      "name": "docs",
      "path": "docs",
      "projectName": "kernel",
      "rootLabel": "docs",
      "size": 0
    },
    {
      "contentType": null,
      "isDir": true,
      "name": "internal_skills",
      "path": "internal_skills",
      "projectName": "kernel",
      "rootLabel": "internal_skills",
      "size": 0
    }
  ]
}
