---
source: packages/rust/crates/xiuxian-wendao/src/gateway/studio/test_support.rs
expression: value
---
{
  "contentType": "text/markdown",
  "isDir": false,
  "name": "guide.md",
  "path": "docs/guide.md",
  "projectDirs": [
    "docs",
    "internal_skills"
  ],
  "projectName": "kernel",
  "projectRoot": ".",
  "rootLabel": "docs",
  "size": 16
}
