---
source: packages/rust/crates/xiuxian-wendao/src/gateway/studio/test_support.rs
expression: value
---
{
  "dirCount": 3,
  "entries": [
    {
      "category": "folder",
      "contentType": null,
      "hasFrontmatter": false,
      "isDir": true,
      "name": "docs",
      "path": "docs",
      "projectName": "kernel",
      "rootLabel": "docs",
      "size": 0,
      "wendaoId": null
    },
    {
      "category": "doc",
      "contentType": "text/markdown",
      "hasFrontmatter": false,
      "isDir": false,
      "name": "guide.md",
      "path": "docs/guide.md",
      "projectName": "kernel",
      "rootLabel": "docs",
      "size": 16,
      "wendaoId": null
    },
    {
      "category": "folder",
      "contentType": null,
      "hasFrontmatter": false,
      "isDir": true,
      "name": "internal_skills",
      "path": "internal_skills",
      "projectName": "kernel",
      "rootLabel": "internal_skills",
      "size": 0,
      "wendaoId": null
    },
    {
      "category": "folder",
      "contentType": null,
      "hasFrontmatter": false,
      "isDir": true,
      "name": "writer",
      "path": "internal_skills/writer",
      "projectName": "kernel",
      "rootLabel": "internal_skills",
      "size": 0,
      "wendaoId": null
    },
    {
      "category": "skill",
      "contentType": "text/markdown",
      "hasFrontmatter": true,
      "isDir": false,
      "name": "SKILL.md",
      "path": "internal_skills/writer/SKILL.md",
      "projectName": "kernel",
      "rootLabel": "internal_skills",
      "size": 21,
      "wendaoId": null
    }
  ],
  "fileCount": 2
}
