---
source: packages/rust/crates/xiuxian-wendao/src/gateway/studio/test_support.rs
expression: value
---
{
  "center": {
    "node_id": "alpha",
    "path": "alpha.md",
    "title": "Alpha",
    "distance": 0,
    "is_center": true
  },
  "nodes": [
    {
      "node_id": "alpha",
      "path": "alpha.md",
      "title": "Alpha",
      "distance": 0,
      "is_center": true
    },
    {
      "node_id": "beta",
      "path": "beta.md",
      "title": "Beta",
      "distance": 1,
      "is_center": false
    }
  ],
  "links": [
    {
      "source_path": "alpha.md",
      "target_path": "beta.md",
      "direction": "outgoing",
      "distance": 1
    }
  ]
}
