---
source: packages/rust/crates/xiuxian-wendao/tests/integration/repo_projected_page_index_trees.rs
assertion_line: 98
expression: trees
---
[
  {
    "repo_id": "demo",
    "page_id": "repo:demo:projection:howto:example:repo:demo:example:Controllers/Examples/Step.mo",
    "kind": "how_to",
    "path": "howto/step-358f907cbd83.md",
    "doc_id": "howto/step-358f907cbd83",
    "title": "Step",
    "root_count": 2,
    "roots": [
      {
        "node_id": "howto/step-358f907cbd83#step",
        "title": "Step",
        "level": 1,
        "structural_path": [
          "Step"
        ],
        "line_range": [
          1,
          7
        ],
        "token_count": 8,
        "is_thinned": false,
        "text": ":PROPERTIES:\n:TYPE: PROJECTED_PAGE\n:KIND: howto\n:FORMATS: modelica_users_guide_tutorial\n:END:",
        "summary": ":PROPERTIES:\n:TYPE: PROJECTED_PAGE\n:KIND: howto\n:FORMATS: modelica_users_guide_tutorial\n:END:",
        "children": []
      },
      {
        "node_id": "howto/step-358f907cbd83#overview",
        "title": "Overview",
        "level": 1,
        "structural_path": [
          "Overview"
        ],
        "line_range": [
          8,
          18
        ],
        "token_count": 20,
        "is_thinned": false,
        "text": ":ID: overview\n:PATHS: Controllers/Examples/Step.mo, Controllers/UsersGuide/Tutorial/FirstSteps.mo\n\nProjected how-to page for `Step`.\nFormat hints:\n- `modelica_users_guide_tutorial`\nSource paths:\n- `Controllers/Examples/Step.mo`\n- `Controllers/UsersGuide/Tutorial/FirstSteps.mo`",
        "summary": ":ID: overview\n:PATHS: Controllers/Examples/Step",
        "children": [
          {
            "node_id": "howto/step-358f907cbd83#anchors",
            "title": "Anchors",
            "level": 2,
            "structural_path": [
              "Overview",
              "Anchors"
            ],
            "line_range": [
              19,
              25
            ],
            "token_count": 8,
            "is_thinned": false,
            "text": ":ID: anchors\n:PATHS: Controllers/package.mo\n\nModules:\n- `Demo.Controllers` (Controllers/package.mo)",
            "summary": ":ID: anchors\n:PATHS: Controllers/package",
            "children": []
          },
          {
            "node_id": "howto/step-358f907cbd83#sources",
            "title": "Supporting Docs",
            "level": 2,
            "structural_path": [
              "Overview",
              "Supporting Docs"
            ],
            "line_range": [
              26,
              32
            ],
            "token_count": 9,
            "is_thinned": false,
            "text": ":ID: sources\n:PATHS: Controllers/UsersGuide/Tutorial/FirstSteps.mo\n\nDocumentation:\n- `First Steps` (Controllers/UsersGuide/Tutorial/FirstSteps.mo)",
            "summary": ":ID: sources\n:PATHS: Controllers/UsersGuide/Tutorial/FirstSteps",
            "children": []
          },
          {
            "node_id": "howto/step-358f907cbd83#examples",
            "title": "Examples",
            "level": 2,
            "structural_path": [
              "Overview",
              "Examples"
            ],
            "line_range": [
              33,
              38
            ],
            "token_count": 8,
            "is_thinned": false,
            "text": ":ID: examples\n:PATHS: Controllers/Examples/Step.mo\n\nExamples:\n- `Step` (Controllers/Examples/Step.mo)",
            "summary": ":ID: examples\n:PATHS: Controllers/Examples/Step",
            "children": []
          }
        ]
      }
    ]
  },
  {
    "repo_id": "demo",
    "page_id": "repo:demo:projection:reference:module:repo:demo:module:Demo.Controllers",
    "kind": "reference",
    "path": "reference/demo-controllers-c2b39e23a47d.md",
    "doc_id": "reference/demo-controllers-c2b39e23a47d",
    "title": "Demo.Controllers",
    "root_count": 2,
    "roots": [
      {
        "node_id": "reference/demo-controllers-c2b39e23a47d#demo-controllers",
        "title": "Demo.Controllers",
        "level": 1,
        "structural_path": [
          "Demo.Controllers"
        ],
        "line_range": [
          1,
          7
        ],
        "token_count": 9,
        "is_thinned": false,
        "text": ":PROPERTIES:\n:TYPE: PROJECTED_PAGE\n:KIND: reference\n:FORMATS: modelica_annotation, modelica_users_guide_tutorial\n:END:",
        "summary": ":PROPERTIES:\n:TYPE: PROJECTED_PAGE\n:KIND: reference\n:FORMATS: modelica_annotation, modelica_users_guide_tutorial\n:END:",
        "children": []
      },
      {
        "node_id": "reference/demo-controllers-c2b39e23a47d#overview",
        "title": "Overview",
        "level": 1,
        "structural_path": [
          "Overview"
        ],
        "line_range": [
          8,
          21
        ],
        "token_count": 28,
        "is_thinned": false,
        "text": ":ID: overview\n:PATHS: Controllers/Examples/Step.mo, Controllers/PI.mo#annotation.documentation, Controllers/UsersGuide/Tutorial/FirstSteps.mo, Controllers/package.mo\n\nProjected reference page for `Demo.Controllers`.\nFormat hints:\n- `modelica_annotation`\n- `modelica_users_guide_tutorial`\nSource paths:\n- `Controllers/Examples/Step.mo`\n- `Controllers/PI.mo#annotation.documentation`\n- `Controllers/UsersGuide/Tutorial/FirstSteps.mo`\n- `Controllers/package.mo`",
        "summary": ":ID: overview\n:PATHS: Controllers/Examples/Step",
        "children": [
          {
            "node_id": "reference/demo-controllers-c2b39e23a47d#anchors",
            "title": "Anchors",
            "level": 2,
            "structural_path": [
              "Overview",
              "Anchors"
            ],
            "line_range": [
              22,
              28
            ],
            "token_count": 8,
            "is_thinned": false,
            "text": ":ID: anchors\n:PATHS: Controllers/package.mo\n\nModules:\n- `Demo.Controllers` (Controllers/package.mo)",
            "summary": ":ID: anchors\n:PATHS: Controllers/package",
            "children": []
          },
          {
            "node_id": "reference/demo-controllers-c2b39e23a47d#sources",
            "title": "Documentation",
            "level": 2,
            "structural_path": [
              "Overview",
              "Documentation"
            ],
            "line_range": [
              29,
              36
            ],
            "token_count": 14,
            "is_thinned": false,
            "text": ":ID: sources\n:PATHS: Controllers/UsersGuide/Tutorial/FirstSteps.mo, Controllers/PI.mo#annotation.documentation\n\nDocumentation:\n- `First Steps` (Controllers/UsersGuide/Tutorial/FirstSteps.mo)\n- `PI documentation` (Controllers/PI.mo#annotation.documentation)",
            "summary": ":ID: sources\n:PATHS: Controllers/UsersGuide/Tutorial/FirstSteps",
            "children": []
          },
          {
            "node_id": "reference/demo-controllers-c2b39e23a47d#examples",
            "title": "Examples",
            "level": 2,
            "structural_path": [
              "Overview",
              "Examples"
            ],
            "line_range": [
              37,
              42
            ],
            "token_count": 8,
            "is_thinned": false,
            "text": ":ID: examples\n:PATHS: Controllers/Examples/Step.mo\n\nExamples:\n- `Step` (Controllers/Examples/Step.mo)",
            "summary": ":ID: examples\n:PATHS: Controllers/Examples/Step",
            "children": []
          }
        ]
      }
    ]
  },
  {
    "repo_id": "demo",
    "page_id": "repo:demo:projection:reference:symbol:repo:demo:symbol:Demo.Controllers.PI",
    "kind": "reference",
    "path": "reference/demo-controllers-pi-e27f9ce1a3d1.md",
    "doc_id": "reference/demo-controllers-pi-e27f9ce1a3d1",
    "title": "Demo.Controllers.PI",
    "root_count": 2,
    "roots": [
      {
        "node_id": "reference/demo-controllers-pi-e27f9ce1a3d1#demo-controllers-pi",
        "title": "Demo.Controllers.PI",
        "level": 1,
        "structural_path": [
          "Demo.Controllers.PI"
        ],
        "line_range": [
          1,
          7
        ],
        "token_count": 8,
        "is_thinned": false,
        "text": ":PROPERTIES:\n:TYPE: PROJECTED_PAGE\n:KIND: reference\n:FORMATS: modelica_annotation\n:END:",
        "summary": ":PROPERTIES:\n:TYPE: PROJECTED_PAGE\n:KIND: reference\n:FORMATS: modelica_annotation\n:END:",
        "children": []
      },
      {
        "node_id": "reference/demo-controllers-pi-e27f9ce1a3d1#overview",
        "title": "Overview",
        "level": 1,
        "structural_path": [
          "Overview"
        ],
        "line_range": [
          8,
          18
        ],
        "token_count": 20,
        "is_thinned": false,
        "text": ":ID: overview\n:PATHS: Controllers/PI.mo, Controllers/PI.mo#annotation.documentation\n\nProjected reference page for `Demo.Controllers.PI`.\nFormat hints:\n- `modelica_annotation`\nSource paths:\n- `Controllers/PI.mo`\n- `Controllers/PI.mo#annotation.documentation`",
        "summary": ":ID: overview\n:PATHS: Controllers/PI",
        "children": [
          {
            "node_id": "reference/demo-controllers-pi-e27f9ce1a3d1#anchors",
            "title": "Anchors",
            "level": 2,
            "structural_path": [
              "Overview",
              "Anchors"
            ],
            "line_range": [
              19,
              28
            ],
            "token_count": 13,
            "is_thinned": false,
            "text": ":ID: anchors\n:PATHS: Controllers/PI.mo, Controllers/package.mo\n\nModules:\n- `Demo.Controllers` (Controllers/package.mo)\n\nSymbols:\n- `Demo.Controllers.PI` (Controllers/PI.mo)",
            "summary": ":ID: anchors\n:PATHS: Controllers/PI",
            "children": []
          },
          {
            "node_id": "reference/demo-controllers-pi-e27f9ce1a3d1#sources",
            "title": "Documentation",
            "level": 2,
            "structural_path": [
              "Overview",
              "Documentation"
            ],
            "line_range": [
              29,
              34
            ],
            "token_count": 9,
            "is_thinned": false,
            "text": ":ID: sources\n:PATHS: Controllers/PI.mo#annotation.documentation\n\nDocumentation:\n- `PI documentation` (Controllers/PI.mo#annotation.documentation)",
            "summary": ":ID: sources\n:PATHS: Controllers/PI",
            "children": []
          }
        ]
      }
    ]
  },
  {
    "repo_id": "demo",
    "page_id": "repo:demo:projection:reference:doc:repo:demo:doc:Controllers/PI.mo#annotation.documentation",
    "kind": "reference",
    "path": "reference/pi-documentation-c6fc4dbd7b2e.md",
    "doc_id": "reference/pi-documentation-c6fc4dbd7b2e",
    "title": "PI documentation",
    "root_count": 2,
    "roots": [
      {
        "node_id": "reference/pi-documentation-c6fc4dbd7b2e#pi-documentation",
        "title": "PI documentation",
        "level": 1,
        "structural_path": [
          "PI documentation"
        ],
        "line_range": [
          1,
          7
        ],
        "token_count": 8,
        "is_thinned": false,
        "text": ":PROPERTIES:\n:TYPE: PROJECTED_PAGE\n:KIND: reference\n:FORMATS: modelica_annotation\n:END:",
        "summary": ":PROPERTIES:\n:TYPE: PROJECTED_PAGE\n:KIND: reference\n:FORMATS: modelica_annotation\n:END:",
        "children": []
      },
      {
        "node_id": "reference/pi-documentation-c6fc4dbd7b2e#overview",
        "title": "Overview",
        "level": 1,
        "structural_path": [
          "Overview"
        ],
        "line_range": [
          8,
          17
        ],
        "token_count": 18,
        "is_thinned": false,
        "text": ":ID: overview\n:PATHS: Controllers/PI.mo#annotation.documentation\n\nProjected reference page for `PI documentation`.\nFormat hints:\n- `modelica_annotation`\nSource paths:\n- `Controllers/PI.mo#annotation.documentation`",
        "summary": ":ID: overview\n:PATHS: Controllers/PI",
        "children": [
          {
            "node_id": "reference/pi-documentation-c6fc4dbd7b2e#anchors",
            "title": "Anchors",
            "level": 2,
            "structural_path": [
              "Overview",
              "Anchors"
            ],
            "line_range": [
              18,
              24
            ],
            "token_count": 8,
            "is_thinned": false,
            "text": ":ID: anchors\n:PATHS: Controllers/PI.mo\n\nSymbols:\n- `Demo.Controllers.PI` (Controllers/PI.mo)",
            "summary": ":ID: anchors\n:PATHS: Controllers/PI",
            "children": []
          },
          {
            "node_id": "reference/pi-documentation-c6fc4dbd7b2e#sources",
            "title": "Documentation",
            "level": 2,
            "structural_path": [
              "Overview",
              "Documentation"
            ],
            "line_range": [
              25,
              30
            ],
            "token_count": 9,
            "is_thinned": false,
            "text": ":ID: sources\n:PATHS: Controllers/PI.mo#annotation.documentation\n\nDocumentation:\n- `PI documentation` (Controllers/PI.mo#annotation.documentation)",
            "summary": ":ID: sources\n:PATHS: Controllers/PI",
            "children": []
          }
        ]
      }
    ]
  },
  {
    "repo_id": "demo",
    "page_id": "repo:demo:projection:tutorial:doc:repo:demo:doc:Controllers/UsersGuide/Tutorial/FirstSteps.mo",
    "kind": "tutorial",
    "path": "tutorial/first-steps-94f268aebe26.md",
    "doc_id": "tutorial/first-steps-94f268aebe26",
    "title": "First Steps",
    "root_count": 2,
    "roots": [
      {
        "node_id": "tutorial/first-steps-94f268aebe26#first-steps",
        "title": "First Steps",
        "level": 1,
        "structural_path": [
          "First Steps"
        ],
        "line_range": [
          1,
          7
        ],
        "token_count": 8,
        "is_thinned": false,
        "text": ":PROPERTIES:\n:TYPE: PROJECTED_PAGE\n:KIND: tutorial\n:FORMATS: modelica_users_guide_tutorial\n:END:",
        "summary": ":PROPERTIES:\n:TYPE: PROJECTED_PAGE\n:KIND: tutorial\n:FORMATS: modelica_users_guide_tutorial\n:END:",
        "children": []
      },
      {
        "node_id": "tutorial/first-steps-94f268aebe26#overview",
        "title": "Overview",
        "level": 1,
        "structural_path": [
          "Overview"
        ],
        "line_range": [
          8,
          18
        ],
        "token_count": 21,
        "is_thinned": false,
        "text": ":ID: overview\n:PATHS: Controllers/Examples/Step.mo, Controllers/UsersGuide/Tutorial/FirstSteps.mo\n\nProjected tutorial page for `First Steps`.\nFormat hints:\n- `modelica_users_guide_tutorial`\nSource paths:\n- `Controllers/Examples/Step.mo`\n- `Controllers/UsersGuide/Tutorial/FirstSteps.mo`",
        "summary": ":ID: overview\n:PATHS: Controllers/Examples/Step",
        "children": [
          {
            "node_id": "tutorial/first-steps-94f268aebe26#anchors",
            "title": "Anchors",
            "level": 2,
            "structural_path": [
              "Overview",
              "Anchors"
            ],
            "line_range": [
              19,
              25
            ],
            "token_count": 8,
            "is_thinned": false,
            "text": ":ID: anchors\n:PATHS: Controllers/package.mo\n\nModules:\n- `Demo.Controllers` (Controllers/package.mo)",
            "summary": ":ID: anchors\n:PATHS: Controllers/package",
            "children": []
          },
          {
            "node_id": "tutorial/first-steps-94f268aebe26#sources",
            "title": "Sources",
            "level": 2,
            "structural_path": [
              "Overview",
              "Sources"
            ],
            "line_range": [
              26,
              32
            ],
            "token_count": 9,
            "is_thinned": false,
            "text": ":ID: sources\n:PATHS: Controllers/UsersGuide/Tutorial/FirstSteps.mo\n\nDocumentation:\n- `First Steps` (Controllers/UsersGuide/Tutorial/FirstSteps.mo)",
            "summary": ":ID: sources\n:PATHS: Controllers/UsersGuide/Tutorial/FirstSteps",
            "children": []
          },
          {
            "node_id": "tutorial/first-steps-94f268aebe26#examples",
            "title": "Examples",
            "level": 2,
            "structural_path": [
              "Overview",
              "Examples"
            ],
            "line_range": [
              33,
              38
            ],
            "token_count": 8,
            "is_thinned": false,
            "text": ":ID: examples\n:PATHS: Controllers/Examples/Step.mo\n\nExamples:\n- `Step` (Controllers/Examples/Step.mo)",
            "summary": ":ID: examples\n:PATHS: Controllers/Examples/Step",
            "children": []
          }
        ]
      }
    ]
  }
]
